Gurobi version: (12, 0, 1)
 Run Number: 0
Mean of Kappa: 0.0009922785840329068 STD : 0.0003192946521697967
Mean of Gamma: 0.0009959610130386117 STD : 0.00031457119213197215
Set parameter WLSAccessID
Set parameter WLSSecret
Set parameter LicenseID to value 2625901
Academic license 2625901 - for non-commercial use only - registered to da___@stcatz.ox.ac.uk
Model Status = 9
Gap = 0.03388516980028928
 Run Number: 1
Mean of Kappa: 0.0010106107057387464 STD : 0.0003121705828869316
Mean of Gamma: 0.0009893782528018638 STD : 0.00031187091775580035
Model Status = 9
Gap = 0.019983700775933307
 Run Number: 2
Mean of Kappa: 0.0010005549528845268 STD : 0.00030963231106087964
Mean of Gamma: 0.0009982100298916025 STD : 0.00030549065073288403
Model Status = 9
Gap = 0.016661496533078135
 Run Number: 3
Mean of Kappa: 0.0010019832564559308 STD : 0.0003128511810815465
Mean of Gamma: 0.0009946419399121476 STD : 0.00031023568471505724
Model Status = 9
Gap = 0.044156238707242904
 Run Number: 4
Mean of Kappa: 0.0009830975620190089 STD : 0.00031373853166533994
Mean of Gamma: 0.0010116159932772998 STD : 0.00031516914369503413
Model Status = 9
Gap = 0.027511520397942465
 Run Number: 5
Mean of Kappa: 0.0010046834872346553 STD : 0.0003239196039920378
Mean of Gamma: 0.0009969007127764145 STD : 0.000321015139783731
Model Status = 9
Gap = 0.04152359140488596
 Run Number: 6
Mean of Kappa: 0.0010107219563645407 STD : 0.0003288248162280879
Mean of Gamma: 0.0010000245907378668 STD : 0.00032570610641218016
Model Status = 9
Gap = 0.03254200124850837
 Run Number: 7
Mean of Kappa: 0.000993976934143134 STD : 0.0003267784422913967
Mean of Gamma: 0.001000595125956138 STD : 0.0003209571526374547
Model Status = 9
Gap = 0.03813141751017749
 Run Number: 8
Mean of Kappa: 0.0009980941714347684 STD : 0.0003215481790588021
Mean of Gamma: 0.0009956328087865733 STD : 0.00032103505526145655
Model Status = 9
Gap = 0.041650482836130015
 Run Number: 9
Mean of Kappa: 0.0010030654067621398 STD : 0.000313216070540735
Mean of Gamma: 0.0010037480477858587 STD : 0.00032380563713475916
Model Status = 9
Gap = 0.028268708886331557
