                                                                                
                              Step      Grad      Sampli…                       
  Progre…   Draws   Diverg…   size      evals     Speed     Elapsed   Remaini…  
 ────────────────────────────────────────────────────────────────────────────── 
  ━━━━━━━   5000    0         0.30      15        1.55      2:08:49   0:00:00   
                                                  s/draws                       
  ━━━━━━━   5000    0         0.26      7         3.08      4:16:55   0:00:00   
                                                  s/draws                       
  ━━━━━━━   5000    0         0.32      15        4.64      6:26:56   0:00:00   
                                                  s/draws                       
  ━━━━━━━   5000    0         0.29      15        6.20      8:36:36   0:00:00   
                                                  s/draws                       
  ━━━━━━━   5000    0         0.30      15        7.76      10:46:…   0:00:00   
                                                  s/draws                       
  ━━━━━━━   5000    0         0.29      15        10.13     14:03:…   0:00:00   
                                                  s/draws                       
  ━━━━━━━   5000    0         0.30      11        13.89     19:17:…   0:00:00   
                                                  s/draws                       
  ━━━━━━━   5000    0         0.27      7         15.41     21:23:…   0:00:00   
                                                  s/draws                       
  ━━━━━━━   5000    0         0.29      7         17.54     1 day,    0:00:00   
                                                  s/draws   0:21:01             
  ━━━━━━━   5000    0         0.29      15        19.60     1 day,    0:00:00   
                                                  s/draws   3:12:37             
                                                                                
                                                                                
                              Step      Grad      Sampli…                       
  Progre…   Draws   Diverg…   size      evals     Speed     Elapsed   Remaini…  
 ────────────────────────────────────────────────────────────────────────────── 
  ━━━━━━━   5000    0         0.28      7         1.57      2:10:36   0:00:00   
                                                  s/draws                       
  ━━━━━━━   5000    0         0.27      15        3.10      4:18:33   0:00:00   
                                                  s/draws                       
  ━━━━━━━   5000    0         0.29      15        4.62      6:24:55   0:00:00   
                                                  s/draws                       
  ━━━━━━━   5000    0         0.30      15        6.15      8:32:43   0:00:00   
                                                  s/draws                       
  ━━━━━━━   5000    0         0.28      15        7.70      10:41:…   0:00:00   
                                                  s/draws                       
  ━━━━━━━   5000    0         0.32      15        10.07     13:59:…   0:00:00   
                                                  s/draws                       
  ━━━━━━━   5000    0         0.31      15        13.94     19:21:…   0:00:00   
                                                  s/draws                       
  ━━━━━━━   5000    0         0.29      15        15.50     21:31:…   0:00:00   
                                                  s/draws                       
  ━━━━━━━   5000    0         0.30      7         17.60     1 day,    0:00:00   
                                                  s/draws   0:26:18             
  ━━━━━━━   5000    0         0.28      15        19.73     1 day,    0:00:00   
                                                  s/draws   3:23:50             
                                                                                
                                                                                
                              Step      Grad      Sampli…                       
  Progre…   Draws   Diverg…   size      evals     Speed     Elapsed   Remaini…  
 ────────────────────────────────────────────────────────────────────────────── 
  ━━━━━━━   5000    0         0.29      15        1.57      2:11:03   0:00:00   
                                                  s/draws                       
  ━━━━━━━   5000    0         0.29      15        3.08      4:16:40   0:00:00   
                                                  s/draws                       
  ━━━━━━━   5000    0         0.28      15        4.67      6:28:59   0:00:00   
                                                  s/draws                       
  ━━━━━━━   5000    0         0.29      15        6.23      8:38:41   0:00:00   
                                                  s/draws                       
  ━━━━━━━   5000    0         0.29      3         7.77      10:47:…   0:00:00   
                                                  s/draws                       
  ━━━━━━━   5000    0         0.28      15        10.17     14:07:…   0:00:00   
                                                  s/draws                       
  ━━━━━━━   5000    0         0.27      7         13.89     19:17:…   0:00:00   
                                                  s/draws                       
  ━━━━━━━   5000    0         0.27      7         15.42     21:24:…   0:00:00   
                                                  s/draws                       
  ━━━━━━━   5000    0         0.25      7         17.61     1 day,    0:00:00   
                                                  s/draws   0:26:55             
  ━━━━━━━   5000    0         0.30      15        19.78     1 day,    0:00:00   
                                                  s/draws   3:28:05             
                                                                                
                                                                                
                              Step      Grad      Sampli…                       
  Progre…   Draws   Diverg…   size      evals     Speed     Elapsed   Remaini…  
 ────────────────────────────────────────────────────────────────────────────── 
  ━━━━━━━   5000    0         0.26      7         1.52      2:06:55   0:00:00   
                                                  s/draws                       
  ━━━━━━━   5000    0         0.27      15        3.01      4:10:38   0:00:00   
                                                  s/draws                       
  ━━━━━━━   5000    0         0.24      7         4.54      6:17:51   0:00:00   
                                                  s/draws                       
  ━━━━━━━   5000    0         0.28      15        6.09      8:27:38   0:00:00   
                                                  s/draws                       
  ━━━━━━━   5000    0         0.28      3         7.68      10:39:…   0:00:00   
                                                  s/draws                       
  ━━━━━━━   5000    0         0.31      15        9.96      13:49:…   0:00:00   
                                                  s/draws                       
  ━━━━━━━   5000    0         0.26      15        13.86     19:14:…   0:00:00   
                                                  s/draws                       
  ━━━━━━━   5000    0         0.28      7         15.42     21:25:…   0:00:00   
                                                  s/draws                       
  ━━━━━━━   5000    0         0.26      11        17.65     1 day,    0:00:00   
                                                  s/draws   0:30:12             
  ━━━━━━━   5000    0         0.29      7         19.81     1 day,    0:00:00   
                                                  s/draws   3:30:37             
                                                                                
                                                                                
                              Step      Grad      Sampli…                       
  Progre…   Draws   Diverg…   size      evals     Speed     Elapsed   Remaini…  
 ────────────────────────────────────────────────────────────────────────────── 
  ━━━━━━━   5000    0         0.30      15        1.56      2:10:02   0:00:00   
                                                  s/draws                       
  ━━━━━━━   5000    0         0.30      7         3.10      4:17:52   0:00:00   
                                                  s/draws                       
  ━━━━━━━   5000    0         0.28      15        4.64      6:26:57   0:00:00   
                                                  s/draws                       
  ━━━━━━━   5000    0         0.31      3         6.19      8:35:33   0:00:00   
                                                  s/draws                       
  ━━━━━━━   5000    0         0.28      15        7.76      10:46:…   0:00:00   
                                                  s/draws                       
  ━━━━━━━   5000    0         0.26      7         10.03     13:55:…   0:00:00   
                                                  s/draws                       
  ━━━━━━━   5000    0         0.26      15        13.95     19:22:…   0:00:00   
                                                  s/draws                       
  ━━━━━━━   5000    0         0.28      3         15.50     21:31:…   0:00:00   
                                                  s/draws                       
  ━━━━━━━   5000    0         0.28      15        17.67     1 day,    0:00:00   
                                                  s/draws   0:32:05             
  ━━━━━━━   5000    0         0.25      15        19.82     1 day,    0:00:00   
                                                  s/draws   3:31:11             
                                                                                
                                                                                
                              Step      Grad      Sampli…                       
  Progre…   Draws   Diverg…   size      evals     Speed     Elapsed   Remaini…  
 ────────────────────────────────────────────────────────────────────────────── 
  ━━━━━━━   5000    0         0.28      15        1.55      2:09:29   0:00:00   
                                                  s/draws                       
  ━━━━━━━   5000    0         0.28      7         3.11      4:19:05   0:00:00   
                                                  s/draws                       
  ━━━━━━━   5000    0         0.30      7         4.67      6:29:26   0:00:00   
                                                  s/draws                       
  ━━━━━━━   5000    0         0.27      15        6.24      8:39:48   0:00:00   
                                                  s/draws                       
  ━━━━━━━   5000    0         0.28      15        7.81      10:50:…   0:00:00   
                                                  s/draws                       
  ━━━━━━━   5000    0         0.27      15        10.28     14:16:…   0:00:00   
                                                  s/draws                       
  ━━━━━━━   5000    0         0.27      7         14.01     19:27:…   0:00:00   
                                                  s/draws                       
  ━━━━━━━   5000    0         0.27      15        15.56     21:36:…   0:00:00   
                                                  s/draws                       
  ━━━━━━━   5000    0         0.29      11        17.73     1 day,    0:00:00   
                                                  s/draws   0:36:50             
  ━━━━━━━   5000    0         0.26      7         19.99     1 day,    0:00:00   
                                                  s/draws   3:45:06             
                                                                                
                                                                                
                              Step      Grad      Sampli…                       
  Progre…   Draws   Diverg…   size      evals     Speed     Elapsed   Remaini…  
 ────────────────────────────────────────────────────────────────────────────── 
  ━━━━━━━   5000    0         0.28      7         1.66      2:18:12   0:00:00   
                                                  s/draws                       
  ━━━━━━━   5000    0         0.26      7         3.20      4:26:12   0:00:00   
                                                  s/draws                       
  ━━━━━━━   5000    0         0.32      15        4.78      6:37:58   0:00:00   
                                                  s/draws                       
  ━━━━━━━   5000    0         0.29      15        6.33      8:47:21   0:00:00   
                                                  s/draws                       
  ━━━━━━━   5000    0         0.28      15        7.85      10:54:…   0:00:00   
                                                  s/draws                       
  ━━━━━━━   5000    0         0.29      15        10.29     14:17:…   0:00:00   
                                                  s/draws                       
  ━━━━━━━   5000    0         0.29      15        14.02     19:28:…   0:00:00   
                                                  s/draws                       
  ━━━━━━━   5000    0         0.28      15        15.53     21:34:…   0:00:00   
                                                  s/draws                       
  ━━━━━━━   5000    0         0.29      7         17.74     1 day,    0:00:00   
                                                  s/draws   0:37:38             
  ━━━━━━━   5000    0         0.27      15        20.00     1 day,    0:00:00   
                                                  s/draws   3:46:10             
                                                                                
                                                                                
                              Step      Grad      Sampli…                       
  Progre…   Draws   Diverg…   size      evals     Speed     Elapsed   Remaini…  
 ────────────────────────────────────────────────────────────────────────────── 
  ━━━━━━━   5000    0         0.30      7         1.61      2:13:53   0:00:00   
                                                  s/draws                       
  ━━━━━━━   5000    0         0.29      7         3.22      4:28:14   0:00:00   
                                                  s/draws                       
  ━━━━━━━   5000    0         0.29      15        4.78      6:38:33   0:00:00   
                                                  s/draws                       
  ━━━━━━━   5000    0         0.30      15        6.37      8:50:31   0:00:00   
                                                  s/draws                       
  ━━━━━━━   5000    0         0.29      7         7.87      10:55:…   0:00:00   
                                                  s/draws                       
  ━━━━━━━   5000    0         0.30      15        10.75     14:55:…   0:00:00   
                                                  s/draws                       
  ━━━━━━━   5000    0         0.30      11        14.07     19:31:…   0:00:00   
                                                  s/draws                       
  ━━━━━━━   5000    0         0.26      7         15.57     21:37:…   0:00:00   
                                                  s/draws                       
  ━━━━━━━   5000    0         0.28      7         17.77     1 day,    0:00:00   
                                                  s/draws   0:40:57             
  ━━━━━━━   5000    0         0.29      3         20.01     1 day,    0:00:00   
                                                  s/draws   3:47:09             
                                                                                
                                                                                
                              Step      Grad      Sampli…                       
  Progre…   Draws   Diverg…   size      evals     Speed     Elapsed   Remaini…  
 ────────────────────────────────────────────────────────────────────────────── 
  ━━━━━━━   5000    0         0.28      7         1.56      2:09:39   0:00:00   
                                                  s/draws                       
  ━━━━━━━   5000    0         0.33      15        3.10      4:18:20   0:00:00   
                                                  s/draws                       
  ━━━━━━━   5000    0         0.29      7         4.67      6:28:42   0:00:00   
                                                  s/draws                       
  ━━━━━━━   5000    0         0.30      3         6.26      8:41:17   0:00:00   
                                                  s/draws                       
  ━━━━━━━   5000    0         0.29      15        7.80      10:50:…   0:00:00   
                                                  s/draws                       
  ━━━━━━━   5000    0         0.28      7         10.27     14:15:…   0:00:00   
                                                  s/draws                       
  ━━━━━━━   5000    0         0.29      11        13.96     19:23:…   0:00:00   
                                                  s/draws                       
  ━━━━━━━   5000    0         0.30      7         15.54     21:35:…   0:00:00   
                                                  s/draws                       
  ━━━━━━━   5000    0         0.26      7         17.74     1 day,    0:00:00   
                                                  s/draws   0:38:01             
  ━━━━━━━   5000    0         0.24      15        20.02     1 day,    0:00:00   
                                                  s/draws   3:47:35             
                                                                                
                                                                                
                              Step      Grad      Sampli…                       
  Progre…   Draws   Diverg…   size      evals     Speed     Elapsed   Remaini…  
 ────────────────────────────────────────────────────────────────────────────── 
  ━━━━━━━   5000    0         0.28      7         1.58      2:11:46   0:00:00   
                                                  s/draws                       
  ━━━━━━━   5000    0         0.29      15        3.17      4:24:31   0:00:00   
                                                  s/draws                       
  ━━━━━━━   5000    0         0.29      7         4.72      6:33:10   0:00:00   
                                                  s/draws                       
  ━━━━━━━   5000    0         0.29      7         6.32      8:46:36   0:00:00   
                                                  s/draws                       
  ━━━━━━━   5000    0         0.28      15        7.91      10:59:…   0:00:00   
                                                  s/draws                       
  ━━━━━━━   5000    0         0.27      7         10.33     14:21:…   0:00:00   
                                                  s/draws                       
  ━━━━━━━   5000    0         0.27      15        14.01     19:27:…   0:00:00   
                                                  s/draws                       
  ━━━━━━━   5000    0         0.30      7         15.59     21:39:…   0:00:00   
                                                  s/draws                       
  ━━━━━━━   5000    0         0.29      15        17.75     1 day,    0:00:00   
                                                  s/draws   0:39:16             
  ━━━━━━━   5000    0         0.30      11        20.04     1 day,    0:00:00   
                                                  s/draws   3:49:59             
                                                                                
                                                                                
                              Step      Grad      Sampli…                       
  Progre…   Draws   Diverg…   size      evals     Speed     Elapsed   Remaini…  
 ────────────────────────────────────────────────────────────────────────────── 
  ━━━━━━━   5000    0         0.28      7         1.60      2:13:06   0:00:00   
                                                  s/draws                       
  ━━━━━━━   5000    0         0.31      7         3.15      4:22:33   0:00:00   
                                                  s/draws                       
  ━━━━━━━   5000    0         0.26      15        4.68      6:30:07   0:00:00   
                                                  s/draws                       
  ━━━━━━━   5000    0         0.29      15        6.25      8:41:04   0:00:00   
                                                  s/draws                       
  ━━━━━━━   5000    0         0.27      7         7.85      10:54:…   0:00:00   
                                                  s/draws                       
  ━━━━━━━   5000    0         0.26      7         10.58     14:41:…   0:00:00   
                                                  s/draws                       
  ━━━━━━━   5000    0         0.29      7         14.05     19:30:…   0:00:00   
                                                  s/draws                       
  ━━━━━━━   5000    0         0.29      7         15.63     21:42:…   0:00:00   
                                                  s/draws                       
  ━━━━━━━   5000    0         0.29      15        17.79     1 day,    0:00:00   
                                                  s/draws   0:42:14             
  ━━━━━━━   5000    0         0.28      15        20.10     1 day,    0:00:00   
                                                  s/draws   3:54:48             
                                                                                
                                                                                
                              Step      Grad      Sampli…                       
  Progre…   Draws   Diverg…   size      evals     Speed     Elapsed   Remaini…  
 ────────────────────────────────────────────────────────────────────────────── 
  ━━━━━━━   5000    0         0.29      15        1.58      2:11:24   0:00:00   
                                                  s/draws                       
  ━━━━━━━   5000    0         0.29      15        3.19      4:25:53   0:00:00   
                                                  s/draws                       
  ━━━━━━━   5000    0         0.28      15        4.76      6:36:22   0:00:00   
                                                  s/draws                       
  ━━━━━━━   5000    0         0.28      15        6.29      8:44:28   0:00:00   
                                                  s/draws                       
  ━━━━━━━   5000    0         0.31      15        7.91      10:58:…   0:00:00   
                                                  s/draws                       
  ━━━━━━━   5000    0         0.30      15        10.30     14:18:…   0:00:00   
                                                  s/draws                       
  ━━━━━━━   5000    0         0.29      7         14.03     19:28:…   0:00:00   
                                                  s/draws                       
  ━━━━━━━   5000    0         0.28      7         15.59     21:38:…   0:00:00   
                                                  s/draws                       
  ━━━━━━━   5000    0         0.30      7         17.82     1 day,    0:00:00   
                                                  s/draws   0:44:35             
  ━━━━━━━   5000    0         0.32      7         20.11     1 day,    0:00:00   
                                                  s/draws   3:55:42             
                                                                                
                                                                                
                              Step      Grad      Sampli…                       
  Progre…   Draws   Diverg…   size      evals     Speed     Elapsed   Remaini…  
 ────────────────────────────────────────────────────────────────────────────── 
  ━━━━━━━   5000    0         0.30      7         1.57      2:10:38   0:00:00   
                                                  s/draws                       
  ━━━━━━━   5000    0         0.30      7         3.12      4:20:12   0:00:00   
                                                  s/draws                       
  ━━━━━━━   5000    0         0.25      7         4.67      6:28:42   0:00:00   
                                                  s/draws                       
  ━━━━━━━   5000    0         0.28      15        6.23      8:39:20   0:00:00   
                                                  s/draws                       
  ━━━━━━━   5000    0         0.31      15        7.83      10:52:…   0:00:00   
                                                  s/draws                       
  ━━━━━━━   5000    0         0.28      15        10.33     14:20:…   0:00:00   
                                                  s/draws                       
  ━━━━━━━   5000    0         0.32      15        14.01     19:27:…   0:00:00   
                                                  s/draws                       
  ━━━━━━━   5000    0         0.31      15        15.59     21:38:…   0:00:00   
                                                  s/draws                       
  ━━━━━━━   5000    0         0.30      3         17.90     1 day,    0:00:00   
                                                  s/draws   0:51:01             
  ━━━━━━━   5000    0         0.29      15        20.26     1 day,    0:00:00   
                                                  s/draws   4:07:35             
                                                                                
                                                                                
                              Step      Grad      Sampli…                       
  Progre…   Draws   Diverg…   size      evals     Speed     Elapsed   Remaini…  
 ────────────────────────────────────────────────────────────────────────────── 
  ━━━━━━━   5000    0         0.29      15        1.54      2:08:37   0:00:00   
                                                  s/draws                       
  ━━━━━━━   5000    0         0.28      15        3.10      4:18:30   0:00:00   
                                                  s/draws                       
  ━━━━━━━   5000    0         0.27      15        4.71      6:32:08   0:00:00   
                                                  s/draws                       
  ━━━━━━━   5000    0         0.30      15        6.28      8:43:08   0:00:00   
                                                  s/draws                       
  ━━━━━━━   5000    0         0.27      15        7.85      10:53:…   0:00:00   
                                                  s/draws                       
  ━━━━━━━   5000    0         0.28      15        10.64     14:46:…   0:00:00   
                                                  s/draws                       
  ━━━━━━━   5000    0         0.26      11        14.07     19:32:…   0:00:00   
                                                  s/draws                       
  ━━━━━━━   5000    0         0.30      15        15.73     21:50:…   0:00:00   
                                                  s/draws                       
  ━━━━━━━   5000    0         0.27      15        17.93     1 day,    0:00:00   
                                                  s/draws   0:54:09             
  ━━━━━━━   5000    0         0.31      7         20.27     1 day,    0:00:00   
                                                  s/draws   4:08:50             
                                                                                
                                                                                
                              Step      Grad      Sampli…                       
  Progre…   Draws   Diverg…   size      evals     Speed     Elapsed   Remaini…  
 ────────────────────────────────────────────────────────────────────────────── 
  ━━━━━━━   5000    0         0.26      15        1.60      2:13:17   0:00:00   
                                                  s/draws                       
  ━━━━━━━   5000    0         0.28      3         3.18      4:24:42   0:00:00   
                                                  s/draws                       
  ━━━━━━━   5000    0         0.29      15        4.78      6:38:13   0:00:00   
                                                  s/draws                       
  ━━━━━━━   5000    0         0.27      15        6.37      8:50:25   0:00:00   
                                                  s/draws                       
  ━━━━━━━   5000    0         0.28      15        7.94      11:01:…   0:00:00   
                                                  s/draws                       
  ━━━━━━━   5000    0         0.27      3         10.92     15:09:…   0:00:00   
                                                  s/draws                       
  ━━━━━━━   5000    0         0.28      7         14.16     19:39:…   0:00:00   
                                                  s/draws                       
  ━━━━━━━   5000    0         0.28      15        15.73     21:50:…   0:00:00   
                                                  s/draws                       
  ━━━━━━━   5000    0         0.28      7         17.96     1 day,    0:00:00   
                                                  s/draws   0:56:46             
  ━━━━━━━   5000    0         0.28      15        20.29     1 day,    0:00:00   
                                                  s/draws   4:10:43             
                                                                                
Elapsed time: 101462.137534 seconds
